
> agentui@0.1.0 dev
> vite


  VITE v5.4.21  ready in 105 ms

  ➜  Local:   http://localhost:3000/
  ➜  Network: use --host to expose
11:33:11 am [vite] hmr update /src/App.jsx
11:33:11 am [vite] hmr update /src/index.css
11:33:13 am [vite] hmr update /src/App.jsx
11:33:13 am [vite] hmr update /src/index.css
11:33:21 am [vite] hmr update /src/index.css
11:33:30 am [vite] hmr update /src/App.jsx
11:33:33 am [vite] hmr update /src/App.jsx
8:36:22 pm [vite] page reload index.html
8:36:22 pm [vite] page reload src/main.jsx
8:36:22 pm [vite] vite.config.js changed, restarting server...
8:36:23 pm [vite] hmr update /src/index.css
8:36:23 pm [vite] hmr update /src/App.jsx
✘ [ERROR] Unexpected end of file in JSON

    package.json:1:0:
      1 │ 
        ╵ ^

8:36:54 pm [vite] page reload index.html
8:36:54 pm [vite] vite.config.js changed, restarting server...
failed to load config from /Users/oliver/Library/Mobile Documents/com~apple~CloudDocs/Projects/agentUI/frontend/vite.config.js
8:36:57 pm [vite] Build failed with 1 error:
package.json:1:0: ERROR: Unexpected end of file in JSON
8:36:57 pm [vite] server restart failed
12:57:18 am [vite] hmr update /src/App.jsx
12:57:19 am [vite] page reload src/main.jsx
12:57:20 am [vite] hmr update /src/index.css
